[blast-check] started: 2026-04-08T18:21:12Z
[blast-check] resetting database volume (docker compose down -v)
 Container voice-chef-db-1  Stopping
 Container voice-chef-db-1  Stopped
 Container voice-chef-db-1  Removing
 Container voice-chef-db-1  Removed
 Network voice-chef_app-network  Removing
 Volume voice-chef_postgres_data  Removing
 Volume voice-chef_postgres_data  Removed
 Network voice-chef_app-network  Removed
[blast-check] starting db service
 Network voice-chef_app-network  Creating
 Network voice-chef_app-network  Created
 Volume voice-chef_postgres_data  Creating
 Volume voice-chef_postgres_data  Created
 Container voice-chef-db-1  Creating
 Container voice-chef-db-1  Created
 Container voice-chef-db-1  Starting
 Container voice-chef-db-1  Started
[blast-check] waiting for db health
[blast-check] db is healthy
[blast-check] waiting for stable SQL connectivity
[blast-check] SQL connectivity is stable
[blast-check] running alembic upgrade head against dump-initialized db
INFO  [alembic.runtime.migration] Context impl PostgresqlImpl.
INFO  [alembic.runtime.migration] Will assume transactional DDL.
[blast-check] alembic exit code: 0
[blast-check] current alembic_version rows:
 version_num 
-------------
 011
(1 row)

[blast-check] finished: 2026-04-08T18:21:19Z
